###### eMMC 写入  模式=check  开始 2026-10-05 06:21:42 ######

########## 只读体检 ##########
Could not chdir to home directory /home/Xiaoabiao: No such file or directory
--- mmcblk0 / sda ---
 179        0    7634944 mmcblk0
 179        1       8192 mmcblk0p1
 179        2     524288 mmcblk0p2
 179        3     524288 mmcblk0p3
 179        4       8192 mmcblk0p4
 179        5       8192 mmcblk0p5
 179        6       8192 mmcblk0p6
 179        7    2309120 mmcblk0p7
 179       32       4096 mmcblk0boot0
 179       64       4096 mmcblk0boot1
   8        0 11718885376 sda
--- 从 mmcblk0 挂上来的 ---
/vol00/RemovableDisk /dev/mmcblk0p2
/vol00/RemovableDisk_1 /dev/mmcblk0p3
/vol00/RemovableDisk_2 /dev/mmcblk0p5
/vol00/RemovableDisk_3 /dev/mmcblk0p6
/vol00/RemovableDisk_4 /dev/mmcblk0p7
--- LBA0 尾 2 字节（55aa=MBR / 其他）---
 55 aa
--- LBA1 首 8 字节（EFI PART=旧 GPT 还在）---
0000000   E   F   I       P   A   R   T
--- 空间 ---
Filesystem      Size  Used Avail Use% Mounted on
/dev/sda        3.3G  2.2G  737M  76% /
tmpfs           940M  8.0K  940M   1% /tmp
--- 工具 ---
/usr/sbin/mkfs.btrfs
/usr/sbin/mkfs.ext4
/usr/sbin/blockdev
/usr/bin/btrfs
/usr/bin/dd

###### 完成 2026-10-05 06:21:47 ######
