[send] listening 192.168.1.254:8899
[send] source   /home/xiaoabiao/.cache/fnnas/p2.btrfs
[send] size     3469737984 bytes (3309.0 MiB)
[send] 等待板子连接 ...
[send] 已连接: 192.168.1.100:43567
[send]    128.0 / 3309.0 MiB  (  3.9%)    52.8 MiB/s
[send]    256.0 / 3309.0 MiB  (  7.7%)    49.1 MiB/s
[send]    384.0 / 3309.0 MiB  ( 11.6%)    46.3 MiB/s
[send]    512.0 / 3309.0 MiB  ( 15.5%)    43.9 MiB/s
[send]    640.0 / 3309.0 MiB  ( 19.3%)    44.6 MiB/s
[send]    768.0 / 3309.0 MiB  ( 23.2%)    43.3 MiB/s
[send]    896.0 / 3309.0 MiB  ( 27.1%)    42.0 MiB/s
[send]   1024.0 / 3309.0 MiB  ( 30.9%)    43.1 MiB/s
[send]   1152.0 / 3309.0 MiB  ( 34.8%)    42.1 MiB/s
[send]   1280.0 / 3309.0 MiB  ( 38.7%)    42.7 MiB/s
[send]   1408.0 / 3309.0 MiB  ( 42.6%)    42.4 MiB/s
[send]   1536.0 / 3309.0 MiB  ( 46.4%)    42.8 MiB/s
[send]   1664.0 / 3309.0 MiB  ( 50.3%)    42.5 MiB/s
[send]   1792.0 / 3309.0 MiB  ( 54.2%)    41.9 MiB/s
[send]   1920.0 / 3309.0 MiB  ( 58.0%)    42.5 MiB/s
[send]   2048.0 / 3309.0 MiB  ( 61.9%)    41.8 MiB/s
[send]   2176.0 / 3309.0 MiB  ( 65.8%)    42.3 MiB/s
[send]   2304.0 / 3309.0 MiB  ( 69.6%)    41.9 MiB/s
[send]   2432.0 / 3309.0 MiB  ( 73.5%)    42.2 MiB/s
[send]   2560.0 / 3309.0 MiB  ( 77.4%)    41.9 MiB/s
[send]   2688.0 / 3309.0 MiB  ( 81.2%)    41.6 MiB/s
[send]   2816.0 / 3309.0 MiB  ( 85.1%)    42.0 MiB/s
[send]   2944.0 / 3309.0 MiB  ( 89.0%)    41.7 MiB/s
[send]   3072.0 / 3309.0 MiB  ( 92.8%)    42.0 MiB/s
[send]   3200.0 / 3309.0 MiB  ( 96.7%)    41.8 MiB/s
[send] DONE  3469737984 bytes  78.7s  42.0 MiB/s
[send] OK 全部发送 
