== 0/7 环境自检 ==
  6.6 树 : /home/xiaoabiao/.cache/rtd1296/xpressreal-linux
  工具链 : 16.2.0
  dtc    : Version: DTC 1.7.0-gbcd02b52
  模式   : 全量（config + dtb + Image）

== 1/7 确认板级 DTS 就位 ==
'/home/xiaoabiao/WorkBuddy/2026-10-03-23-33-10/rtd1296-fnnas/stage2/rtd1296-cm360.dts' -> '/home/xiaoabiao/.cache/rtd1296/xpressreal-linux/arch/arm64/boot/dts/realtek/rtd1296-cm360.dts'
11:dtb-$(CONFIG_ARCH_REALTEK) += rtd1296-cm360.dtb

== 1.5/7 应用内核补丁（stage2/patches/*.patch，幂等）==
  [skip  ] 0000-preexisting-driver-patches.patch（已应用过）
  [skip  ] 0001-emmc-rtd1296.patch（已应用过）
  [skip  ] 0002-emmc-rtkemmc.patch（已应用过）
  [skip  ] 0003-smp-rtk-spin-table.patch（已应用过）

== 2/7 生成 .config（arm64 主线 defconfig 为基线）==

== 3/7 叠加 Realtek 符号 + stage2 已验证的 5 点调整 ==
== 4/7 olddefconfig ==
---- 关键配置复核（全部应为 y）----
  ARCH_REALTEK             CONFIG_ARCH_REALTEK=y
  ARCH_RTD129x             CONFIG_ARCH_RTD129x=y
  COMMON_CLK_RTD1295       CONFIG_COMMON_CLK_RTD1295=y
  RTK_CLK_COMMON           CONFIG_RTK_CLK_COMMON=y
  MMC_RTK_EMMC             CONFIG_MMC_RTK_EMMC=y
  REALTEK_EMMC_LOCKAPI     CONFIG_REALTEK_EMMC_LOCKAPI=y
  MMC_RTK_SDMMC            CONFIG_MMC_RTK_SDMMC=y
  AHCI_RTK                 CONFIG_AHCI_RTK=y
  PHY_RTK_SATA             CONFIG_PHY_RTK_SATA=y
  R8169SOC                 CONFIG_R8169SOC=y
  MII                      CONFIG_MII=y
  CRC32                    CONFIG_CRC32=y
  SERIAL_8250              CONFIG_SERIAL_8250=y
  SERIAL_8250_CONSOLE      CONFIG_SERIAL_8250_CONSOLE=y
  SERIAL_8250_DW           CONFIG_SERIAL_8250_DW=y
  ARM_GIC                  CONFIG_ARM_GIC=y
  ARM_ARCH_TIMER           CONFIG_ARM_ARCH_TIMER=y
  RESET_CONTROLLER         CONFIG_RESET_CONTROLLER=y
  REALTEK_DHC_INTC         CONFIG_REALTEK_DHC_INTC=y
  IRQ_DOMAIN               CONFIG_IRQ_DOMAIN=y
  ARM64_VA_BITS_48         CONFIG_ARM64_VA_BITS_48=y
  BTRFS_FS                 CONFIG_BTRFS_FS=y
  BTRFS_FS_POSIX_ACL       CONFIG_BTRFS_FS_POSIX_ACL=y
  ZSTD_COMPRESS            CONFIG_ZSTD_COMPRESS=y
  CRYPTO_ZSTD              CONFIG_CRYPTO_ZSTD=y
  OVERLAY_FS               CONFIG_OVERLAY_FS=y
  BLK_DEV_MD               CONFIG_BLK_DEV_MD=y
  MD_RAID456               CONFIG_MD_RAID456=y
  --- 应当关闭的 ---
  RANDOMIZE_BASE           ★未提及★
  ARM64_VA_BITS_52         ★未提及★
  DEBUG_INFO               ★未提及★
  DEBUG_INFO_DWARF_TOOLCHAIN_DEFAULT ★未提及★
  WERROR                   ★未提及★
  MMC_DW                   ★未提及★
  MMC_DW_CQE               ★未提及★
  MMC_DW_CQE_RTK           ★未提及★
  MMC_DW_CQE_RTK13XX       ★未提及★
  CONFIG_CMDLINE = CONFIG_CMDLINE="earlycon=uart8250,mmio32,0x98007800,115200 console=ttyS0,115200 keep_bootcon loglevel=8 ignore_loglevel"

== 5/7 编译 dtb ==
make: 进入目录“/home/xiaoabiao/.cache/rtd1296/xpressreal-linux”
  SYNC    include/config/auto.conf
make: 离开目录“/home/xiaoabiao/.cache/rtd1296/xpressreal-linux”
'/home/xiaoabiao/.cache/rtd1296/xpressreal-linux/arch/arm64/boot/dts/realtek/rtd1296-cm360.dtb' -> '/home/xiaoabiao/WorkBuddy/2026-10-03-23-33-10/rtd1296-fnnas/stage2/out/rtd1296-cm360.dtb'

== 6/7 反编译校验 dtb ==
/home/xiaoabiao/WorkBuddy/2026-10-03-23-33-10/rtd1296-fnnas/stage2/out/rtd1296-cm360.dtb.roundtrip.dts: Warning (unit_address_vs_reg): /soc: node has a reg or ranges property, but no unit name
/home/xiaoabiao/WorkBuddy/2026-10-03-23-33-10/rtd1296-fnnas/stage2/out/rtd1296-cm360.dtb.roundtrip.dts: Warning (unique_unit_address): /soc/bus@98000000/sata-wrap@3ff60: duplicate unit-address (also used in node /soc/bus@98000000/sata-phy@3ff60)
/home/xiaoabiao/WorkBuddy/2026-10-03-23-33-10/rtd1296-fnnas/stage2/out/rtd1296-cm360.dtb.roundtrip.dts: Warning (unique_unit_address): /soc/bus@98000000/syscon@0/reset-controller@0: duplicate unit-address (also used in node /soc/bus@98000000/syscon@0/clock-controller@0)
-- GMAC 节点 --
			r8169soc@16000 {
				compatible = "realtek,rtd129x-r8169soc";
				reg = <0x16000 0x1000>;
				realtek,iso = <0x0a>;
				realtek,sb2 = <0x0e>;
				interrupts = <0x00 0x16 0x04>;
				clocks = <0x0f 0x29 0x08 0x0c 0x08 0x0b>;
				clock-names = "etn", "etn_sys", "etn_250m";
				resets = <0x08 0x09 0x08 0x0a>;
				reset-names = "gmac", "gphy";
				led-cfg = <0x2070>;
				status = "okay";
			};

			emmc@12000 {
				compatible = "realtek,rtd1295-emmc";
				reg = <0x12000 0xa00 0x00 0x600 0x1a000 0x80 0x1b000 0x150>;
-- 时钟控制器 --
2
-- memory --
	memory@1f000 {
		device_type = "memory";
		reg = <0x1f000 0x7ffe1000>;
	};

-- 串口控制台 uart0（应当有 clocks 与 interrupt-parent 两项）--
				serial@800 {
					compatible = "snps,dw-apb-uart";
					reg = <0x800 0x400>;
					reg-shift = <0x02>;
					reg-io-width = <0x04>;
					clock-frequency = <0x19bfcc0>;
					resets = <0x07 0x08>;
					status = "okay";
					clocks = <0x08 0x08>;
					interrupts-extended = <0x09 0x02>;
				};

				clock-controller@0 {
--
		serial0 = "/soc/bus@98000000/syscon@7000/serial@800";
	};
-- ISO 中断复用器节点 --
				iso_irq_mux {
					compatible = "realtek,rtd129x-iso-irq-mux";
					syscon = <0x0a>;
					interrupts-extended = <0x01 0x00 0x29 0x04 0x01 0x00 0x00 0x04>;
					interrupt-controller;
					#address-cells = <0x00>;
					#interrupt-cells = <0x01>;
					phandle = <0x09>;
				};
			};
-- 27MHz 固定时钟（应有两个：osc27M 大写 / osc27m 小写）--
42:		clock-output-names = "osc27M";
394:		clock-output-names = "osc27m";

-- ★ 硬断言：uart0 三项必须齐（clocks / 中断父 / 中断号）--
  clocks               ✔
  中断父(extended/parent) ✔
  中断号            ✔ (2 个数字)
    					clocks = <0x08 0x08>;
    					interrupts-extended = <0x09 0x02>;

-- ★ 硬断言：SATA 节点必须齐（status / satawrap / clocks / resets / 双端口）--
  sata@3f000               ✔
  status=okay              ✔
  realtek,satawrap         ✔
  sata-wrap@3ff60          ✔
  clocks                   ✔ (8 个数字 = 4 个时钟)
  resets(节点级)        ✔ (8 个数字 = 4 个复位)
  sata-port@0              ✔ (reg+resets 齐)
  sata-port@1              ✔ (reg+resets 齐)
    				clocks = <0x0f 0x22 0x0f 0x27 0x0f 0x59 0x0f 0x5a>;
    				resets = <0x0f 0x05 0x0f 0x07 0x0f 0x20a 0x0f 0x209>;
    				realtek,satawrap = <0x10>;
    				status = "okay";
    				sata-port@0 {
    					resets = <0x0f 0x0a>;
    				sata-port@1 {
    					resets = <0x0f 0x207>;

== 7/7 编译 Image ==
'/home/xiaoabiao/.cache/rtd1296/xpressreal-linux/arch/arm64/boot/Image' -> '/home/xiaoabiao/WorkBuddy/2026-10-03-23-33-10/rtd1296-fnnas/stage2/out/Image-6.6'

==== 产物 ====
-rw-rw-r-- 1 xiaoabiao xiaoabiao 33481216 Oct  5 05:19 /home/xiaoabiao/WorkBuddy/2026-10-03-23-33-10/rtd1296-fnnas/stage2/out/Image-6.6
-rw-rw-r-- 1 xiaoabiao xiaoabiao     7424 Oct  5 05:18 /home/xiaoabiao/WorkBuddy/2026-10-03-23-33-10/rtd1296-fnnas/stage2/out/rtd1296-cm360.dtb
内核版本串: Linux version 6.6.54-gbe79582cba58-dirty (xiaoabiao@ThinkBook-14-G6-AHP) (aarch64-linux-gcc (GCC) 16.2.0, GNU ld (GNU Binutils) 2.47.20260726) # SMP PREEMPT 
