###### eMMC 上板验证全链  开始 2026-10-05 03:07:24 ######

==== [1/3] 抓 u-boot console（满线 ESC 洪流） ====
[03:07:27] ★ 节流洪流已开（间隙 8ms ≈ 125 次/秒，每 30s 续订 90s），窗口 1800s，日志起点字节 8469781
[03:07:27] >>> 现在给板子断电，等 5 秒再上电（窗口内什么时候上都行）<<<
[03:11:04] ★ 进 console 了（节流洪流命中）—— 已停洪流，等 tty 输出队列排空
[03:11:10] 提示符已确认（第 1 轮）
[03:11:10] 抓现场信息（version / printenv）
[03:11:17] 现场信息已存 /home/xiaoabiao/WorkBuddy/2026-10-03-23-33-10/rtd1296-fnnas/stage2/out/catch-uboot.txt
---- 关键行 ----
[75205.844] Enter console mode, disable watchdog ...
[75208.058] CM360_DS218> <INTERRUPT>
[75209.566] CM360_DS218> 
[75209.566] CM360_DS218> 
[75211.573] CM360_DS218> version
[75214.055] CM360_DS218> printenv
[75214.067] bootcmd=run syno_bootargs;run rtk_spi_boot;run mod_fdt;ping $serverip;go all
[75214.067] bootdelay=0
[75214.084] kernel_loadaddr=0x03000000
[75214.095] mod_fdt=fdt addr $fdt_loadaddr; fdt resize;fdt set $tx_path tx-driving $tx_driving;fdt set $tx_path rx-sensitivity $rx_sensitivity
[75214.144] rtk_spi_boot=rtkspi read 0x100000 0x0b000000 0x2F0000;lzmadec 0x0b000000 $kernel_loadaddr 0x2F0000;rtkspi read 0x0c0000 0x0b000000 0x040000;lzmadec 0x0b000000 $audio_loadaddr 0x040000;rtkspi read 0x0000000 $fdt_loadaddr 0x00010000;rtkspi read 0x3f0000 $rootfs_loadaddr 0x3ff000
[75214.146] serverip=192.168.1.254
[75214.178] tx_path=/sata@9803F000

==== [2/3] 引导 6.6 内核（legacy uImage + bootm） ====
== 0) 已在 CM360_DS218> 提示符上（第 1 轮）
== 1) tftp Image-6.6.uimage -> 0x02ffffc0
   （iminfo 说 'Legacy image found' 就说明 uImage 封装对了）
   （自检 0x03000000 是不是 arm64 Image 头：期望 fa405a4d 273c... ）
   ✓ 载荷落点正确（0x03000000 = arm64 Image 头）
== 2) tftp rtd1296-cm360.dtb -> 0x01f00000
== 2) tftp initramfs.cpio.gz -> 0x02200000
== 3) 写 /chosen（initrd 走 DTB —— mainline 只认这条路）
== 4) bootm 0x02ffffc0 - 0x01f00000   （★ 不是 booti）

（盯日志，最多 120 秒；期望 'Run /init as init process'）
OK: 命中 /Run /init as init process|Kernel panic|Decompress FAIL/

======== bootm 之后的串口 ========
[75251.753] CM360_DS218> bootm 0x02ffffc0 - 0x01f00000
[75251.760] ## Booting kernel from Legacy Image at 02ffffc0 ...
[75251.762]    Image Name:   Image-6.6
[75251.768]    Image Type:   AArch64 Linux Kernel Image (uncompressed)
[75251.770]    Data Size:    31552000 Bytes = 30.1 MiB
[75251.773]    Load Address: 03000000
[75251.776]    Entry Point:  03000000
[75252.130]    Verifying Checksum ... OK
[75252.133] ## Flattened Device Tree blob at 01f00000
[75252.136]    Booting using the fdt blob at 0x1f00000
[75252.140]    XIP Kernel Image ... OK
[75252.168]    reserving fdt memory region: addr=0 size=1f000
[75252.174]    reserving fdt memory region: addr=1f000 size=e1000
[75252.180]    reserving fdt memory region: addr=1b00000 size=4be000
[75252.183]    reserving fdt memory region: addr=1f00000 size=2000
[75252.188]    reserving fdt memory region: addr=2200000 size=a23f6
[75252.194]    Using Device Tree in place at 0000000001f00000, end 0000000001f04fff
[75252.200] WARNING: could not set resume-entry-addr FDT_ERR_BADOFFSET.
[75252.203] [FDT] mac = 02:cc:cd:ed:2a:20
[75252.211] Unable to update property /gmac@98016000:local-mac-address, err=FDT_ERR_NOTFOUND
[75252.217] Unable to update property /gmac@0x98060000:local-mac-address, err=FDT_ERR_NOTFOUND
[75252.220] [FDT] update MAC address
[75252.223] Bring UP slave CPUs
[75252.223] 
[75252.225] Starting Kernel ...
[75252.225] 
[75252.265] [    0.000000] Booting Linux on physical CPU 0x0000000000 [0x410fd034]
[75252.284] [    0.000000] Linux version 6.6.54-gbe79582cba58-dirty (xiaoabiao@ThinkBook-14-G6-AHP) (aarch64-linux-gcc (GCC) 16.2.0, GNU ld (GNU Binutils) 2.47.20260726) #15 SMP PREEMPT Mon Oct  5 03:06:42 CST 2026
[75252.290] [    0.000000] Machine model: Xiaorui CM360 (Realtek RTD1296)
[75252.299] [    0.000000] earlycon: uart8250 at MMIO32 0x0000000098007800 (options '115200,27000000')
[75252.306] [    0.000000] printk: bootconsole [uart8250] enabled
[75252.309] [    0.000000] printk: debug: ignoring loglevel setting.
[75252.319] [    0.000000] printk: debug: skip boot console de-registration.
[75252.322] [    0.000000] efi: UEFI not found.
[75252.331] [    0.000000] OF: reserved mem: 0x000000000001f000..0x000000000001ffff (4 KiB) map non-reusable rpc@1f000
[75252.344] [    0.000000] OF: reserved mem: 0x0000000001ffe000..0x0000000002001fff (16 KiB) map non-reusable rpc@1ffe000
[75252.354] [    0.000000] OF: reserved mem: 0x0000000010100000..0x0000000010ffffff (15360 KiB) nomap non-reusable tee@10100000
[75252.394] [    0.000000] NUMA: No NUMA configuration found
[75252.404] [    0.000000] NUMA: Faking a node at [mem 0x000000000001f000-0x000000007fffffff]
[75252.407] [    0.000000] NUMA: NODE_DATA [mem 0x7fbf79c0-0x7fbf9fff]
[75252.410] [    0.000000] Zone ranges:
[75252.419] [    0.000000]   DMA      [mem 0x000000000001f000-0x000000007fffffff]
[75252.423] [    0.000000]   DMA32    empty
[75252.426] [    0.000000]   Normal   empty
[75252.429] [    0.000000] Movable zone start for each node
[75252.432] [    0.000000] Early memory node ranges
[75252.441] [    0.000000]   node   0: [mem 0x000000000001f000-0x00000000100fffff]
[75252.448] [    0.000000]   node   0: [mem 0x0000000010100000-0x0000000010ffffff]
[75252.454] [    0.000000]   node   0: [mem 0x0000000011000000-0x000000007fffffff]
[75252.463] [    0.000000] Initmem setup node 0 [mem 0x000000000001f000-0x000000007fffffff]
[75252.491] [    0.000000] On node 0, zone DMA: 31 pages in unavailable ranges
[75252.497] [    0.000000] cma: Reserved 32 MiB at 0x000000007ba00000 on node -1
[75252.504] [    0.000000] /cpus/cpu@1: missing enable-method property
[75252.510] [    0.000000] /cpus/cpu@2: missing enable-method property
[75252.513] [    0.000000] /cpus/cpu@3: missing enable-method property
[75252.523] [    0.000000] percpu: Embedded 22 pages/cpu s50792 r8192 d31128 u90112
[75252.529] [    0.000000] pcpu-alloc: s50792 r8192 d31128 u90112 alloc=22*4096
[75252.532] [    0.000000] pcpu-alloc: [0] 0 
[75252.535] [    0.000000] Detected VIPT I-cache on CPU0
[75252.542] [    0.000000] CPU features: detected: ARM erratum 845719
[75252.548] [    0.000000] alternatives: applying boot alternatives
[75252.564] [    0.000000] Kernel command line: console=ttyS0,115200 earlycon=uart8250,mmio32,0x98007800,115200,27000000 loglevel=8 ignore_loglevel keep_bootcon initrd=0x02200000,0xa23f6
[75252.574] [    0.000000] Dentry cache hash table entries: 262144 (order: 9, 2097152 bytes, linear)
[75252.584] [    0.000000] Inode-cache hash table entries: 131072 (order: 8, 1048576 bytes, linear)
[75252.590] [    0.000000] Fallback order for Node 0: 0 
[75252.596] [    0.000000] Built 1 zonelists, mobility grouping on.  Total pages: 516065
[75252.599] [    0.000000] Policy zone: DMA
[75252.606] [    0.000000] mem auto-init: stack:all(zero), heap alloc:off, heap free:off
[75252.612] [    0.000000] software IO TLB: area num 1.
[75252.643] [    0.000000] software IO TLB: mapped [mem 0x0000000077800000-0x000000007b800000] (64MB)
[75252.701] [    0.000000] Memory: 1895148K/2097028K available (16640K kernel code, 2524K rwdata, 8936K rodata, 2560K init, 606K bss, 169112K reserved, 32768K cma-reserved)
[75252.707] [    0.000000] SLUB: HWalign=64, Order=0-3, MinObjects=0, CPUs=1, Nodes=1
[75252.714] [    0.000000] rcu: Preemptible hierarchical RCU implementation.
[75252.720] [    0.000000] rcu: 	RCU event tracing is enabled.
[75252.726] [    0.000000] rcu: 	RCU restricting CPUs from NR_CPUS=256 to nr_cpu_ids=1.
[75252.733] [    0.000000] 	Trampoline variant of Tasks RCU enabled.
[75252.736] [    0.000000] 	Tracing variant of Tasks RCU enabled.
[75252.745] [    0.000000] rcu: RCU calculated value of scheduler-enlistment delay is 25 jiffies.
[75252.754] [    0.000000] rcu: Adjusting geometry for rcu_fanout_leaf=16, nr_cpu_ids=1
[75252.761] [    0.000000] NR_IRQS: 64, nr_irqs: 64, preallocated irqs: 0
[75252.764] [    0.000000] Root IRQ handler: gic_handle_irq
[75252.771] [    0.000000] GIC: Using split EOI/Deactivate mode
[75252.779] [    0.000000] rcu: srcu_init: Setting srcu_struct sizes based on contention.
[75252.785] [    0.000000] arch_timer: cp15 timer(s) running at 27.00MHz (phys).
[75252.798] [    0.000000] clocksource: arch_sys_counter: mask: 0xffffffffffffff max_cycles: 0x63a1e71a3, max_idle_ns: 440795203123 ns
[75252.807] [    0.000001] sched_clock: 56 bits at 27MHz, resolution 37ns, wraps every 4398046511093ns
[75252.814] [    0.009248] Console: colour dummy device 80x25
[75252.823] [    0.014337] Calibrating delay loop (skipped), value calculated using timer frequency.. 54.00 BogoMIPS (lpj=108000)
[75252.830] [    0.026005] pid_max: default: 32768 minimum: 301
[75252.836] [    0.031289] LSM: initializing lsm=capability,integrity
[75252.845] [    0.037188] Mount-cache hash table entries: 4096 (order: 3, 32768 bytes, linear)
[75252.852] [    0.045533] Mountpoint-cache hash table entries: 4096 (order: 3, 32768 bytes, linear)
[75252.863] [    0.056237] RCU Tasks: Setting shift to 0 and lim to 1 rcu_task_cb_adjust=1.
[75252.873] [    0.064278] RCU Tasks Trace: Setting shift to 0 and lim to 1 rcu_task_cb_adjust=1.
[75252.876] [    0.073047] rcu: Hierarchical SRCU implementation.
[75252.883] [    0.078451] rcu: 	Max phase no-delay instances is 1000.
[75252.889] [    0.085265] EFI services will not be available.
[75252.896] [    0.090493] smp: Bringing up secondary CPUs ...
[75252.899] [    0.095621] smp: Brought up 1 node, 1 CPU
[75252.905] [    0.100147] SMP: Total of 1 processors activated.
[75252.911] [    0.105459] CPU features: detected: 32-bit EL0 Support
[75252.915] [    0.111261] CPU features: detected: 32-bit EL1 Support
[75252.921] [    0.117055] CPU features: detected: CRC32 instructions
[75252.927] [    0.122924] CPU: All CPU(s) started at EL2
[75252.933] [    0.127546] alternatives: applying system-wide alternatives
[75252.939] [    0.135840] devtmpfs: initialized
[75252.953] [    0.143278] clocksource: jiffies: mask: 0xffffffff max_cycles: 0xffffffff, max_idle_ns: 7645041785100000 ns
[75252.961] [    0.154280] futex hash table entries: 256 (order: 2, 16384 bytes, linear)
[75252.968] [    0.163037] pinctrl core: initialized pinctrl subsystem
[75252.975] [    0.170086] DMI not present or invalid.
[75252.983] [    0.175542] NET: Registered PF_NETLINK/PF_ROUTE protocol family
[75252.989] [    0.183229] DMA: preallocated 256 KiB GFP_KERNEL pool for atomic allocations
[75252.999] [    0.191371] DMA: preallocated 256 KiB GFP_KERNEL|GFP_DMA pool for atomic allocations
[75253.008] [    0.200327] DMA: preallocated 256 KiB GFP_KERNEL|GFP_DMA32 pool for atomic allocations
[75253.015] [    0.209287] audit: initializing netlink subsys (disabled)
[75253.025] [    0.215517] audit: type=2000 audit(0.120:1): state=initialized audit_enabled=0 res=1
[75253.032] [    0.225347] thermal_sys: Registered thermal governor 'step_wise'
[75253.038] [    0.225355] thermal_sys: Registered thermal governor 'power_allocator'
[75253.044] [    0.232172] cpuidle: using governor menu
[75253.051] [    0.244145] hw-breakpoint: found 6 breakpoint and 4 watchpoint registers.
[75253.058] [    0.251818] ASID allocator initialised with 65536 entries
[75253.065] [    0.259132] rtk_rpc_memory_init: Unable to find comm node
[75253.069] [    0.259274] Serial: AMBA PL011 UART driver
[75253.084] [    0.279947] Modules: 24896 pages in range for non-PLT usage
[75253.091] [    0.279955] Modules: 516416 pages in range for PLT usage
[75253.100] [    0.286998] HugeTLB: registered 1.00 GiB page size, pre-allocated 0 pages
[75253.106] [    0.300637] HugeTLB: 0 KiB vmemmap can be freed for a 1.00 GiB page
[75253.113] [    0.307699] HugeTLB: registered 32.0 MiB page size, pre-allocated 0 pages
[75253.122] [    0.315343] HugeTLB: 0 KiB vmemmap can be freed for a 32.0 MiB page
[75253.128] [    0.322402] HugeTLB: registered 2.00 MiB page size, pre-allocated 0 pages
[75253.135] [    0.330045] HugeTLB: 0 KiB vmemmap can be freed for a 2.00 MiB page
[75253.144] [    0.337105] HugeTLB: registered 64.0 KiB page size, pre-allocated 0 pages
[75253.152] [    0.344749] HugeTLB: 0 KiB vmemmap can be freed for a 64.0 KiB page
[75253.155] [    0.353517] ACPI: Interpreter disabled.
[75253.165] [    0.360970] iommu: Default domain type: Translated
[75253.171] [    0.366393] iommu: DMA domain TLB invalidation policy: strict mode
[75253.178] [    0.373657] SCSI subsystem initialized
[75253.181] [    0.378031] libata version 3.00 loaded.
[75253.187] [    0.382625] usbcore: registered new interface driver usbfs
[75253.194] [    0.388847] usbcore: registered new interface driver hub
[75253.201] [    0.394866] usbcore: registered new device driver usb
[75253.207] [    0.401327] pps_core: LinuxPPS API ver. 1 registered
[75253.216] [    0.406922] pps_core: Software ver. 5.3.6 - Copyright 2005-2007 Rodolfo Giometti <giometti@linux.it>
[75253.220] [    0.417222] PTP clock support registered
[75253.223] [    0.421794] EDAC MC: Ver: 3.0.0
[75253.230] [    0.425779] scmi_core: SCMI protocol bus registered
[75253.233] [    0.431876] FPGA manager framework
[75253.244] [    0.435828] Advanced Linux Sound Architecture Driver Initialized.
[75253.247] [    0.443862] vgaarb: loaded
[75253.254] [    0.447099] Realtek Kylin RTD1296 (0x00006421) rev B01 (0x00030000) detected
[75253.261] [    0.455694] clocksource: Switched to clocksource arch_sys_counter
[75253.267] [    0.462842] VFS: Disk quotas dquot_6.6.0
[75253.274] [    0.467318] VFS: Dquot-cache hash table entries: 512 (order 0, 4096 bytes)
[75253.278] [    0.475257] pnp: PnP ACPI: disabled
[75253.292] [    0.487785] NET: Registered PF_INET protocol family
[75253.301] [    0.493472] IP idents hash table entries: 32768 (order: 6, 262144 bytes, linear)
[75253.314] [    0.504165] tcp_listen_portaddr_hash hash table entries: 1024 (order: 2, 16384 bytes, linear)
[75253.320] [    0.513799] Table-perturb hash table entries: 65536 (order: 6, 262144 bytes, linear)
[75253.330] [    0.522539] TCP established hash table entries: 16384 (order: 5, 131072 bytes, linear)
[75253.340] [    0.531614] TCP bind hash table entries: 16384 (order: 7, 524288 bytes, linear)
[75253.346] [    0.540412] TCP: Hash tables configured (established 16384 bind 16384)
[75253.356] [    0.547844] UDP hash table entries: 1024 (order: 3, 32768 bytes, linear)
[75253.362] [    0.555454] UDP-Lite hash table entries: 1024 (order: 3, 32768 bytes, linear)
[75253.369] [    0.563639] NET: Registered PF_UNIX/PF_LOCAL protocol family
[75253.375] [    0.570407] RPC: Registered named UNIX socket transport module.
[75253.381] [    0.577081] RPC: Registered udp transport module.
[75253.388] [    0.582381] RPC: Registered tcp transport module.
[75253.394] [    0.587679] RPC: Registered tcp-with-tls transport module.
[75253.400] [    0.593886] RPC: Registered tcp NFSv4.1 backchannel transport module.
[75253.404] [    0.601151] PCI: CLS 0 bytes, default 64
[75253.410] [    0.605800] Unpacking initramfs...
[75253.414] [    0.609897] kvm [1]: IPA Size Limit: 40 bits
[75253.426] [    0.622334] kvm [1]: vgic interrupt IRQ9
[75253.437] [    0.631731] kvm [1]: Hyp mode initialized successfully
[75253.449] [    0.645009] Initialise system trusted keyrings
[75253.462] [    0.655903] workingset: timestamp_bits=42 max_order=19 bucket_order=0
[75253.478] [    0.672081] squashfs: version 4.0 (2009/01/31) Phillip Lougher
[75253.493] [    0.688100] NFS: Registering the id_resolver key type
[75253.499] [    0.695010] Freeing initrd memory: 648K
[75253.502] [    0.699465] Key type id_resolver registered
[75253.509] [    0.704198] Key type id_legacy registered
[75253.515] [    0.708742] nfs4filelayout_init: NFSv4 File Layout Driver Registering...
[75253.525] [    0.716299] nfs4flexfilelayout_init: NFSv4 Flexfile Layout Driver Registering...
[75253.530] [    0.724811] 9p: Installing v9fs 9p2000 file system support
[75253.585] [    0.781341] Key type asymmetric registered
[75253.591] [    0.785960] Asymmetric key parser 'x509' registered
[75253.598] [    0.791505] Block layer SCSI generic (bsg) driver version 0.4 loaded (major 245)
[75253.604] [    0.799842] io scheduler mq-deadline registered
[75253.607] [    0.804947] io scheduler kyber registered
[75253.613] [    0.809496] io scheduler bfq registered
[75253.624] [    0.817659] rtk-sata-phy 9803ff60.sata-phy: can't find crt regmap
[75253.635] [    0.831872] EINJ: ACPI disabled.
[75253.668] [    0.861606] Serial: 8250/16550 driver, 4 ports, IRQ sharing enabled
[75253.676] [    0.871497] printk: console [ttyS0] disabled
[75253.685] [    0.876689] 98007800.serial: ttyS0 at MMIO 0x98007800 (irq = 17, base_baud = 1687500) is a 16550A
[75253.691] [    0.886768] printk: console [ttyS0] enabled
[75253.695] [    0.886768] printk: console [ttyS0] enabled
[75253.701] [    0.897162] SuperH (H)SCI(F) driver initialized
[75253.705] [    0.897162] SuperH (H)SCI(F) driver initialized
[75253.711] [    0.907734] STM32 USART driver initialized
[75253.716] [    0.907734] STM32 USART driver initialized
[75253.727] [    0.923937] loop: module loaded
[75253.731] [    0.923937] loop: module loaded
[75253.734] [    0.931781] megasas: 07.725.01.00-rc1
[75253.739] [    0.931781] megasas: 07.725.01.00-rc1
[75253.747] [    0.940863] rtk_ahci 9803f000.sata: supply ahci not found, using dummy regulator
[75253.757] [    0.940863] rtk_ahci 9803f000.sata: supply ahci not found, using dummy regulator
[75253.762] [    0.956902] rtk_ahci 9803f000.sata: supply phy not found, using dummy regulator
[75253.773] [    0.956902] rtk_ahci 9803f000.sata: supply phy not found, using dummy regulator
[75253.782] [    0.974366] platform 9803f000.sata:sata-port@0: supply target not found, using dummy regulator
[75253.793] [    0.974366] platform 9803f000.sata:sata-port@0: supply target not found, using dummy regulator
[75253.801] [    0.994322] platform 9803f000.sata:sata-port@1: supply target not found, using dummy regulator
[75253.812] [    0.994322] platform 9803f000.sata:sata-port@1: supply target not found, using dummy regulator
[75253.836] [    1.029582] rtk_ahci 9803f000.sata: failed to set sata-gpios: -2
[75253.842] [    1.029582] rtk_ahci 9803f000.sata: failed to set sata-gpios: -2
[75253.981] [    1.178008] tun: Universal TUN/TAP device driver, 1.6
[75253.988] [    1.178008] tun: Universal TUN/TAP device driver, 1.6
[75253.991] [    1.189892] thunder_xcv, ver 1.0
[75253.994] [    1.189892] thunder_xcv, ver 1.0
[75254.000] [    1.196906] thunder_bgx, ver 1.0
[75254.003] [    1.196906] thunder_bgx, ver 1.0
[75254.006] [    1.203911] nicpf, ver 1.0
[75254.011] [    1.203911] nicpf, ver 1.0
[75254.016] [    1.211055] hns3: Hisilicon Ethernet Network Driver for Hip08 Family - version
[75254.026] [    1.211055] hns3: Hisilicon Ethernet Network Driver for Hip08 Family - version
[75254.032] [    1.226598] hns3: Copyright (c) 2017 Huawei Corporation.
[75254.038] [    1.226598] hns3: Copyright (c) 2017 Huawei Corporation.
[75254.041] [    1.238074] hclge is initializing
[75254.044] [    1.238074] hclge is initializing
[75254.050] [    1.245241] e1000: Intel(R) PRO/1000 Network Driver
[75254.056] [    1.245241] e1000: Intel(R) PRO/1000 Network Driver
[75254.062] [    1.255740] e1000: Copyright (c) 1999-2006 Intel Corporation.
[75254.068] [    1.255740] e1000: Copyright (c) 1999-2006 Intel Corporation.
[75254.071] [    1.268136] e1000e: Intel(R) PRO/1000 Network Driver
[75254.077] [    1.268136] e1000e: Intel(R) PRO/1000 Network Driver
[75254.083] [    1.278819] e1000e: Copyright(c) 1999 - 2015 Intel Corporation.
[75254.089] [    1.278819] e1000e: Copyright(c) 1999 - 2015 Intel Corporation.
[75254.095] [    1.291583] igb: Intel(R) Gigabit Ethernet Network Driver
[75254.101] [    1.291583] igb: Intel(R) Gigabit Ethernet Network Driver
[75254.107] [    1.303200] igb: Copyright (c) 2007-2014 Intel Corporation.
[75254.113] [    1.303200] igb: Copyright (c) 2007-2014 Intel Corporation.
[75254.122] [    1.315221] igbvf: Intel(R) Gigabit Virtual Function Network Driver
[75254.128] [    1.315221] igbvf: Intel(R) Gigabit Virtual Function Network Driver
[75254.134] [    1.328706] igbvf: Copyright (c) 2009 - 2012 Intel Corporation.
[75254.140] [    1.328706] igbvf: Copyright (c) 2009 - 2012 Intel Corporation.
[75254.143] [    1.341781] sky2: driver version 1.30
[75254.149] [    1.341781] sky2: driver version 1.30
[75254.155] [    1.349889] r8169 Gigabit Ethernet driver 1.5.16 loaded
[75254.158] [    1.349889] r8169 Gigabit Ethernet driver 1.5.16 loaded
[75254.165] [    1.361294] r8169: Get iso_base address
[75254.168] [    1.361294] r8169: Get iso_base address
[75254.174] [    1.369557] r8169: Get sb2_base address
[75254.177] [    1.369557] r8169: Get sb2_base address
[75254.187] [    1.380900] r8169 98016000.r8169soc eth0: RTD129X, XID 10900880 IRQ 18
[75254.193] [    1.380900] r8169 98016000.r8169soc eth0: RTD129X, XID 10900880 IRQ 18
[75254.202] [    1.394960] r8169 98016000.r8169soc eth0: jumbo features [frames: 9200 bytes, tx checksumming: ko]
[75254.214] [    1.394960] r8169 98016000.r8169soc eth0: jumbo features [frames: 9200 bytes, tx checksumming: ko]
[75254.245] [    1.442147] VFIO - User Level meta-driver version: 0.3
[75254.253] [    1.442147] VFIO - User Level meta-driver version: 0.3
[75254.262] [    1.456178] usbcore: registered new interface driver usb-storage
[75254.268] [    1.456178] usbcore: registered new interface driver usb-storage
[75254.275] [    1.472248] i2c_dev: i2c /dev entries driver
[75254.281] [    1.472248] i2c_dev: i2c /dev entries driver
[75254.295] [    1.489104] sdhci: Secure Digital Host Controller Interface driver
[75254.301] [    1.489104] sdhci: Secure Digital Host Controller Interface driver
[75254.304] [    1.502432] sdhci: Copyright(c) Pierre Ossman
[75254.312] [    1.502432] sdhci: Copyright(c) Pierre Ossman
[75254.317] [    1.513095] sdhci-pltfm: SDHCI platform and OF driver helper
[75254.325] [    1.513095] sdhci-pltfm: SDHCI platform and OF driver helper
[75254.331] [    1.526492] Synopsys Designware Multimedia Card Interface Driver
[75254.337] [    1.526492] Synopsys Designware Multimedia Card Interface Driver
[75254.349] [    1.539822] Unable to handle kernel NULL pointer dereference at virtual address 0000000000000005
[75254.358] [    1.539822] Unable to handle kernel NULL pointer dereference at virtual address 0000000000000005
[75254.361] [    1.558749] Mem abort info:
[75254.364] [    1.558749] Mem abort info:
[75254.367] [    1.564784]   ESR = 0x0000000096000004
[75254.370] [    1.564784]   ESR = 0x0000000096000004
[75254.376] [    1.572857]   EC = 0x25: DABT (current EL), IL = 32 bits
[75254.382] [    1.572857]   EC = 0x25: DABT (current EL), IL = 32 bits
[75254.385] [    1.584288]   SET = 0, FnV = 0
[75254.388] [    1.584288]   SET = 0, FnV = 0
[75254.394] [    1.590854]   EA = 0, S1PTW = 0
[75254.397] [    1.590854]   EA = 0, S1PTW = 0
[75254.400] [    1.597616]   FSC = 0x04: level 0 translation fault
[75254.406] [    1.597616]   FSC = 0x04: level 0 translation fault
[75254.409] [    1.608111] Data abort info:
[75254.412] [    1.608111] Data abort info:
[75254.418] [    1.614301]   ISV = 0, ISS = 0x00000004, ISS2 = 0x00000000
[75254.424] [    1.614301]   ISV = 0, ISS = 0x00000004, ISS2 = 0x00000000
[75254.430] [    1.626104]   CM = 0, WnR = 0, TnD = 0, TagAccess = 0
[75254.436] [    1.626104]   CM = 0, WnR = 0, TnD = 0, TagAccess = 0
[75254.442] [    1.636973]   GCS = 0, Overlay = 0, DirtyBit = 0, Xs = 0
[75254.448] [    1.636973]   GCS = 0, Overlay = 0, DirtyBit = 0, Xs = 0
[75254.454] [    1.648403] [0000000000000005] user address but active_mm is swapper
[75254.460] [    1.648403] [0000000000000005] user address but active_mm is swapper
[75254.466] [    1.662076] Internal error: Oops: 0000000096000004 [#1] PREEMPT SMP
[75254.475] [    1.662076] Internal error: Oops: 0000000096000004 [#1] PREEMPT SMP
[75254.478] [    1.675545] Modules linked in:
[75254.481] [    1.675545] Modules linked in:
[75254.490] [    1.682108] CPU: 0 PID: 1 Comm: swapper/0 Not tainted 6.6.54-gbe79582cba58-dirty #15
[75254.496] [    1.682108] CPU: 0 PID: 1 Comm: swapper/0 Not tainted 6.6.54-gbe79582cba58-dirty #15
[75254.505] [    1.698751] Hardware name: Xiaorui CM360 (Realtek RTD1296) (DT)
[75254.511] [    1.698751] Hardware name: Xiaorui CM360 (Realtek RTD1296) (DT)
[75254.517] [    1.711468] pstate: 60000005 (nZCv daif -PAN -UAO -TCO -DIT -SSBS BTYPE=--)
[75254.526] [    1.711468] pstate: 60000005 (nZCv daif -PAN -UAO -TCO -DIT -SSBS BTYPE=--)
[75254.529] [    1.726430] pc : pinctrl_lookup_state+0x20/0xc0
[75254.535] [    1.726430] pc : pinctrl_lookup_state+0x20/0xc0
[75254.541] [    1.736175] lr : dw_mci_rtk_parse_dt+0x60/0x514
[75254.544] [    1.736175] lr : dw_mci_rtk_parse_dt+0x60/0x514
[75254.547] [    1.745913] sp : ffff800081ecba60
[75254.553] [    1.745913] sp : ffff800081ecba60
[75254.559] [    1.753027] x29: ffff800081ecba60 x28: ffff800081a160a0 x27: ffff800081a16030
[75254.568] [    1.753027] x29: ffff800081ecba60 x28: ffff800081a160a0 x27: ffff800081a16030
[75254.574] [    1.768373] x26: ffff8000819200ac x25: ffff8000818922d0 x24: ffff000000dd0ea8
[75254.583] [    1.768373] x26: ffff8000819200ac x25: ffff8000818922d0 x24: ffff000000dd0ea8
[75254.589] [    1.783718] x23: 0000000000000000 x22: ffffffffffffffed x21: ffff80008172a028
[75254.598] [    1.783718] x23: 0000000000000000 x22: ffffffffffffffed x21: ffff80008172a028
[75254.604] [    1.799061] x20: ffffffffffffffed x19: ffff000000dd5480 x18: 000000000000000a
[75254.613] [    1.799061] x20: ffffffffffffffed x19: ffff000000dd5480 x18: 000000000000000a
[75254.622] [    1.814405] x17: ffff000000d33e00 x16: ffff000000befa00 x15: 0000000000000000
[75254.628] [    1.814405] x17: ffff000000d33e00 x16: ffff000000befa00 x15: 0000000000000000
[75254.637] [    1.829748] x14: ffffffffffffffff x13: 00000000ffff0a01 x12: ffff000000840f28
[75254.643] [    1.829748] x14: ffffffffffffffff x13: 00000000ffff0a01 x12: ffff000000840f28
[75254.652] [    1.845091] x11: 00000000ffffffff x10: ffff7fff7f141398 x9 : 0000000000000003
[75254.658] [    1.845091] x11: 00000000ffffffff x10: ffff7fff7f141398 x9 : 0000000000000003
[75254.667] [    1.860436] x8 : 0101010101010101 x7 : 0000000000000000 x6 : 0000000000000000
[75254.676] [    1.860436] x8 : 0101010101010101 x7 : 0000000000000000 x6 : 0000000000000000
[75254.682] [    1.875779] x5 : 0000000000000000 x4 : ffff00007fbda770 x3 : ffff000000180000
[75254.691] [    1.875779] x5 : 0000000000000000 x4 : ffff00007fbda770 x3 : ffff000000180000
[75254.697] [    1.891123] x2 : 0000000100000000 x1 : ffff80008172a028 x0 : ffffffffffffffed
[75254.706] [    1.891123] x2 : 0000000100000000 x1 : ffff80008172a028 x0 : ffffffffffffffed
[75254.709] [    1.906467] Call trace:
[75254.712] [    1.906467] Call trace:
[75254.715] [    1.911715]  pinctrl_lookup_state+0x20/0xc0
[75254.721] [    1.911715]  pinctrl_lookup_state+0x20/0xc0
[75254.724] [    1.920707]  dw_mci_rtk_parse_dt+0x60/0x514
[75254.730] [    1.920707]  dw_mci_rtk_parse_dt+0x60/0x514
[75254.733] [    1.929698]  dw_mci_probe+0x364/0x660
[75254.736] [    1.929698]  dw_mci_probe+0x364/0x660
[75254.742] [    1.937567]  dw_mci_pltfm_register+0x9c/0xb8
[75254.745] [    1.937567]  dw_mci_pltfm_register+0x9c/0xb8
[75254.751] [    1.946743]  dw_mci_rtk_probe+0x98/0x178
[75254.754] [    1.946743]  dw_mci_rtk_probe+0x98/0x178
[75254.757] [    1.955172]  platform_probe+0x98/0xe0
[75254.763] [    1.955172]  platform_probe+0x98/0xe0
[75254.766] [    1.963042]  really_probe+0x148/0x2c0
[75254.769] [    1.963042]  really_probe+0x148/0x2c0
[75254.775] [    1.970913]  __driver_probe_device+0x78/0x128
[75254.778] [    1.970913]  __driver_probe_device+0x78/0x128
[75254.784] [    1.980277]  driver_probe_device+0xbc/0x178
[75254.787] [    1.980277]  driver_probe_device+0xbc/0x178
[75254.793] [    1.989268]  __driver_attach+0x98/0x188
[75254.796] [    1.989268]  __driver_attach+0x98/0x188
[75254.802] [    1.997512]  bus_for_each_dev+0x7c/0xe8
[75254.805] [    1.997512]  bus_for_each_dev+0x7c/0xe8
[75254.808] [    2.005756]  driver_attach+0x24/0x30
[75254.811] [    2.005756]  driver_attach+0x24/0x30
[75254.817] [    2.013439]  bus_add_driver+0xe4/0x214
[75254.820] [    2.013439]  bus_add_driver+0xe4/0x214
[75254.826] [    2.021496]  driver_register+0x5c/0x124
[75254.829] [    2.021496]  driver_register+0x5c/0x124
[75254.835] [    2.029741]  __platform_driver_register+0x24/0x30
[75254.838] [    2.029741]  __platform_driver_register+0x24/0x30
[75254.844] [    2.039848]  dw_mci_rtk_pltfm_driver_init+0x20/0x2c
[75254.850] [    2.039848]  dw_mci_rtk_pltfm_driver_init+0x20/0x2c
[75254.853] [    2.050335]  do_one_initcall+0x7c/0x1cc
[75254.859] [    2.050335]  do_one_initcall+0x7c/0x1cc
[75254.862] [    2.058578]  kernel_init_freeable+0x1c8/0x28c
[75254.868] [    2.058578]  kernel_init_freeable+0x1c8/0x28c
[75254.871] [    2.067945]  kernel_init+0x24/0x1dc
[75254.874] [    2.067945]  kernel_init+0x24/0x1dc
[75254.877] [    2.075444]  ret_from_fork+0x10/0x20
[75254.883] [    2.075444]  ret_from_fork+0x10/0x20
[75254.888] [    2.083131] Code: aa0003f4 a9025bf5 aa0003f6 aa0103f5 (f8418e93) 
[75254.895] [    2.083131] Code: aa0003f4 a9025bf5 aa0003f6 aa0103f5 (f8418e93) 
[75254.901] [    2.096224] ---[ end trace 0000000000000000 ]---
[75254.904] [    2.096224] ---[ end trace 0000000000000000 ]---
[75254.912] [    2.106210] Kernel panic - not syncing: Attempted to kill init! exitcode=0x0000000b
[75254.922] [    2.106210] Kernel panic - not syncing: Attempted to kill init! exitcode=0x0000000b
[75254.925] [    2.122665] Kernel Offset: disabled
[75254.928] [    2.122665] Kernel Offset: disabled
[75254.933] [    2.130154] CPU features: 0x0,00000008,00020000,0000421b
[75254.940] [    2.130154] CPU features: 0x0,00000008,00020000,0000421b
[75254.942] [    2.141565] Memory Limit: none
[75254.946] [    2.141565] Memory Limit: none
[75254.957] [    2.148121] ---[ end Kernel panic - not syncing: Attempted to kill init! exitcode=0x0000000b ]---
[75254.966] [    2.148121] ---[ end Kernel panic - not syncing: Attempted to kill init! exitcode=0x0000000b ]---

==== [2.5/3] 等 initramfs shell 就绪（提示符 '/ #'） ====
!! 60s 内没看到 '/ #' 提示符 —— 后面体检命令可能会丢，先看日志

==== [3/3] SATA 体检（只读） ====
./11-emmc-run.sh: 行 65: ./08-verify-emmc.sh: 权限不够

###### 全部完成 2026-10-05 03:12:34 ######
