make: 进入目录“/home/xiaoabiao/.cache/rtd1296/xpressreal-linux”
  CALL    scripts/checksyscalls.sh
  CC      drivers/soc/realtek/cpudvfs/rtk_cpu_volt_sel.o
  AR      drivers/soc/realtek/cpuhp/built-in.a
  CC      drivers/soc/realtek/gpu/rtk-gpu_wrap.o
  AR      drivers/soc/realtek/rtd13xx/built-in.a
  CC      drivers/base/component.o
  AR      drivers/soc/realtek/rtd13xxd/built-in.a
  AR      drivers/soc/realtek/rtd1325/built-in.a
  CC      drivers/base/core.o
  AR      drivers/soc/realtek/rtd16xxb/built-in.a
  AR      drivers/soc/realtek/tee_mem/built-in.a
  CC      drivers/base/bus.o
  CC      drivers/base/dd.o
  CC      drivers/block/loop.o
  CC      drivers/base/syscore.o
  AR      drivers/misc/eeprom/built-in.a
  CC      drivers/soc/sunxi/sunxi_mbus.o
  AR      drivers/misc/cb710/built-in.a
  AR      drivers/misc/ti-st/built-in.a
  CC      drivers/block/virtio_blk.o
  AR      drivers/misc/lis3lv02d/built-in.a
  CC      drivers/soc/sunxi/sunxi_sram.o
  CC      drivers/misc/sram.o
  CC      drivers/mfd/bcm2835-pm.o
drivers/soc/realtek/cpudvfs/rtk_cpu_volt_sel.c: In function 'cpu_volt_sel_set_prop_name':
drivers/soc/realtek/cpudvfs/rtk_cpu_volt_sel.c:147:19: error: assignment to 'struct opp_table *' from 'int' makes pointer from integer without a cast [-Wint-conversion]
  147 |         opp_table = dev_pm_opp_set_prop_name(dev, prop_name);
      |                   ^
drivers/soc/realtek/cpudvfs/rtk_cpu_volt_sel.c: In function 'cpu_volt_sel_put_opp_table':
drivers/soc/realtek/cpudvfs/rtk_cpu_volt_sel.c:168:34: error: passing argument 1 of 'dev_pm_opp_put_prop_name' makes integer from pointer without a cast [-Wint-conversion]
  168 |         dev_pm_opp_put_prop_name(opp_table);
      |                                  ^~~~~~~~~
      |                                  |
      |                                  struct opp_table *
In file included from drivers/soc/realtek/cpudvfs/rtk_cpu_volt_sel.c:27:
./include/linux/pm_opp.h:660:49: note: expected 'int' but argument is of type 'struct opp_table *'
  660 | static inline void dev_pm_opp_put_prop_name(int token)
      |                                             ~~~~^~~~~
make[6]: *** [scripts/Makefile.build:243：drivers/soc/realtek/cpudvfs/rtk_cpu_volt_sel.o] 错误 1
make[5]: *** [scripts/Makefile.build:480：drivers/soc/realtek/cpudvfs] 错误 2
make[5]: *** 正在等待未完成的任务....
  CC      drivers/block/xen-blkfront.o
  AR      drivers/soc/realtek/gpu/built-in.a
make[4]: *** [scripts/Makefile.build:480：drivers/soc/realtek] 错误 2
make[4]: *** 正在等待未完成的任务....
  CC      drivers/soc/tegra/fuse/fuse-tegra.o
  CC      drivers/soc/tegra/cbb/tegra-cbb.o
  CC      drivers/base/driver.o
  CC      drivers/mfd/bd9571mwv.o
  CC      drivers/mfd/cros_ec_dev.o
  AR      drivers/soc/sunxi/built-in.a
  CC      drivers/soc/tegra/common.o
  AR      drivers/misc/cardreader/built-in.a
  CC      drivers/soc/tegra/fuse/fuse-tegra30.o
  CC      drivers/soc/tegra/cbb/tegra194-cbb.o
  AR      drivers/misc/built-in.a
  CC      drivers/mfd/tps65219.o
  CC      drivers/base/class.o
  CC      drivers/mfd/mfd-core.o
  AR      drivers/nfc/built-in.a
  CC      drivers/soc/tegra/flowctrl.o
  CC      drivers/soc/tegra/fuse/tegra-apbmisc.o
  CC      drivers/soc/tegra/fuse/speedo-tegra124.o
  CC      drivers/soc/tegra/cbb/tegra234-cbb.o
  CC      drivers/base/platform.o
  CC      drivers/base/cpu.o
  AR      drivers/dax/hmem/built-in.a
  AR      drivers/dax/built-in.a
  CC      drivers/soc/tegra/pmc.o
  CC      drivers/dma-buf/dma-buf.o
  CC      drivers/base/firmware.o
  CC      drivers/soc/tegra/ari-tegra186.o
  CC      drivers/base/init.o
  AR      drivers/cxl/core/built-in.a
  AR      drivers/cxl/built-in.a
  CC      drivers/soc/tegra/fuse/speedo-tegra210.o
  AR      drivers/macintosh/built-in.a
  CC      drivers/mfd/axp20x.o
  CC      drivers/dma-buf/dma-fence.o
  CC      drivers/scsi/scsi.o
  AR      drivers/nvme/host/built-in.a
  AR      drivers/nvme/target/built-in.a
  AR      drivers/nvme/built-in.a
  CC      drivers/dma-buf/dma-fence-array.o
  CC      drivers/mfd/axp20x-i2c.o
  AR      drivers/soc/tegra/cbb/built-in.a
  CC      drivers/scsi/hosts.o
  CC      drivers/ata/libata-core.o
  CC      drivers/dma-buf/dma-fence-chain.o
  CC      drivers/mfd/axp20x-rsb.o
  AR      drivers/soc/tegra/fuse/built-in.a
  CC      drivers/scsi/scsi_ioctl.o
  CC      drivers/dma-buf/dma-fence-unwrap.o
  CC      drivers/base/map.o
  CC      drivers/ata/libata-scsi.o
  CC      drivers/scsi/scsicam.o
  CC      drivers/ata/libata-eh.o
  CC      drivers/base/devres.o
  CC      drivers/mtd/mtdcore.o
  AR      drivers/block/built-in.a
  CC      drivers/spi/spi.o
  CC      drivers/mtd/mtdsuper.o
  CC      drivers/ata/libata-transport.o
  CC      drivers/dma-buf/dma-resv.o
  CC      drivers/dma-buf/sync_file.o
  CC      drivers/mfd/max77620.o
  CC      drivers/spi/spi-mem.o
  AR      drivers/soc/tegra/built-in.a
make[3]: *** [scripts/Makefile.build:480：drivers/soc] 错误 2
make[3]: *** 正在等待未完成的任务....
  CC      drivers/mtd/mtdconcat.o
  CC      drivers/ata/libata-trace.o
  CC      drivers/base/attribute_container.o
  CC      drivers/scsi/scsi_error.o
  CC      drivers/spi/spi-armada-3700.o
  CC      drivers/mfd/mt6360-core.o
  AR      drivers/dma-buf/built-in.a
  CC      drivers/ata/libata-sata.o
  CC      drivers/base/transport_class.o
  CC      drivers/ata/libata-sff.o
  CC      drivers/scsi/scsi_lib.o
  CC      drivers/spi/spi-iproc-qspi.o
  CC      drivers/mtd/mtdpart.o
  CC      drivers/mfd/mt6397-core.o
  CC      drivers/scsi/scsi_lib_dma.o
  CC      drivers/mfd/mt6397-irq.o
  CC      drivers/base/topology.o
  CC      drivers/base/container.o
  CC      drivers/mtd/mtdchar.o
  CC      drivers/ata/libata-pmp.o
  CC      drivers/scsi/scsi_scan.o
  CC      drivers/base/property.o
  CC      drivers/mfd/mt6358-irq.o
  CC      drivers/spi/spi-brcmstb-qspi.o
  CC      drivers/base/cacheinfo.o
  CC      drivers/mfd/rz-mtu3.o
  CC      drivers/mtd/parsers/ofpart_core.o
  CC      drivers/ata/libata-acpi.o
  CC      drivers/mtd/mtd_blkdevs.o
  GEN     drivers/scsi/scsi_devinfo_tbl.c
  CC      drivers/mfd/qcom-spmi-pmic.o
  CC      drivers/mtd/parsers/ofpart_bcm4908.o
  CC      drivers/spi/spi-bcm-qspi.o
  CC      drivers/mfd/rk8xx-core.o
  CC      drivers/spi/spi-cadence-quadspi.o
  CC      drivers/ata/libata-pata-timings.o
  CC      drivers/scsi/scsi_devinfo.o
  CC      drivers/mtd/mtdblock.o
  AR      drivers/mtd/parsers/built-in.a
  CC      drivers/mtd/chips/chipreg.o
  CC      drivers/base/swnode.o
  CC      drivers/spi/spi-fsl-dspi.o
  AR      drivers/mtd/lpddr/built-in.a
  CC      drivers/mfd/rk8xx-i2c.o
  CC      drivers/mtd/chips/cfi_probe.o
  CC      drivers/ata/ahci.o
  CC      drivers/mfd/rk8xx-spi.o
  CC      drivers/spi/spi-fsl-lpspi.o
  CC      drivers/mtd/chips/cfi_util.o
  CC      drivers/mfd/sec-core.o
  CC      drivers/mtd/chips/cfi_cmdset_0020.o
  CC      drivers/scsi/scsi_sysctl.o
  CC      drivers/base/auxiliary.o
  CC      drivers/base/devtmpfs.o
  CC      drivers/mtd/chips/cfi_cmdset_0002.o
  CC      drivers/mfd/sec-irq.o
  CC      drivers/scsi/scsi_debugfs.o
  CC      drivers/mtd/maps/physmap-core.o
  CC      drivers/ata/libahci.o
  CC      drivers/ata/ahci_platform.o
  CC      drivers/ata/libahci_platform.o
  CC      drivers/mfd/syscon.o
  CC      drivers/spi/spi-fsl-qspi.o
  CC      drivers/scsi/scsi_trace.o
  CC      drivers/mtd/devices/mtd_dataflash.o
  CC      drivers/mtd/chips/cfi_cmdset_0001.o
  CC      drivers/ata/sata_sil24.o
  CC      drivers/ata/ahci_ceva.o
  CC      drivers/base/power/sysfs.o
  CC      drivers/mfd/vexpress-sysreg.o
  AR      drivers/mtd/maps/built-in.a
  CC      drivers/mtd/devices/sst25l.o
  CC      drivers/base/power/generic_ops.o
  CC      drivers/base/firmware_loader/fallback_table.o
  CC      drivers/mtd/chips/gen_probe.o
  CC      drivers/scsi/scsi_logging.o
  CC      drivers/mtd/nand/core.o
  CC      drivers/spi/spi-mt65xx.o
  CC      drivers/mfd/hi6421-pmic-core.o
  CC      drivers/base/power/common.o
  CC      drivers/base/node.o
  CC      drivers/base/firmware_loader/main.o
  CC      drivers/scsi/scsi_pm.o
  AR      drivers/mtd/tests/built-in.a
  CC      drivers/mtd/nand/bbt.o
  AR      drivers/mtd/devices/built-in.a
  CC      drivers/spi/spi-nxp-fspi.o
  CC      drivers/mfd/hi655x-pmic.o
  CC      drivers/ata/ahci_mvebu.o
  CC      drivers/scsi/scsi_bsg.o
  CC      drivers/base/memory.o
  CC      drivers/base/firmware_loader/fallback.o
  CC      drivers/base/power/qos.o
  CC      drivers/spi/spi-orion.o
  AR      drivers/mtd/chips/built-in.a
  CC      drivers/scsi/scsi_common.o
  CC      drivers/mtd/nand/ecc.o
  CC      drivers/base/module.o
  CC      drivers/mfd/altera-sysmgr.o
  CC      drivers/base/firmware_loader/sysfs.o
  CC      drivers/mfd/rohm-bd718x7.o
  CC      drivers/ata/ahci_xgene.o
  CC      drivers/base/power/runtime.o
  CC      drivers/mtd/spi-nor/core.o
  CC      drivers/spi/spi-pl022.o
  CC      drivers/spi/spi-qup.o
  CC      drivers/mfd/simple-mfd-i2c.o
  CC      drivers/scsi/scsi_transport_sas.o
  CC      drivers/base/firmware_loader/builtin/main.o
  CC      drivers/spi/spi-rockchip.o
  CC      drivers/base/power/wakeirq.o
  CC      drivers/mtd/nand/ecc-sw-hamming.o
  CC      drivers/mtd/spi-nor/sfdp.o
  CC      drivers/ata/ahci_qoriq.o
  AR      drivers/base/firmware_loader/builtin/built-in.a
  CC      drivers/mtd/spi-nor/swp.o
  AR      drivers/base/firmware_loader/built-in.a
  CC      drivers/scsi/libsas/sas_init.o
  AR      drivers/mtd/nand/onenand/built-in.a
  CC      drivers/spi/spi-s3c64xx.o
  AR      drivers/mfd/built-in.a
  CC      drivers/base/power/main.o
  CC      drivers/ata/ahci_rtk.o
  CC      drivers/mtd/nand/raw/nand_base.o
  CC      drivers/mtd/spi-nor/otp.o
  CC      drivers/base/power/wakeup.o
  CC      drivers/mtd/nand/raw/nand_legacy.o
  CC      drivers/base/hypervisor.o
  AR      drivers/mtd/nand/spi/built-in.a
  CC      drivers/scsi/megaraid/megaraid_sas_base.o
  CC      drivers/scsi/libsas/sas_phy.o
  CC      drivers/base/power/wakeup_stats.o
  CC      drivers/scsi/megaraid/megaraid_sas_fusion.o
  CC      drivers/spi/spi-sun6i.o
  CC      drivers/scsi/sd.o
  CC      drivers/base/regmap/regmap.o
  CC      drivers/mtd/spi-nor/sysfs.o
  CC      drivers/base/regmap/regcache.o
  CC      drivers/base/regmap/regcache-rbtree.o
  CC      drivers/base/regmap/regcache-flat.o
  CC      drivers/scsi/megaraid/megaraid_sas_fp.o
  CC      drivers/ata/sata_rcar.o
  CC      drivers/scsi/libsas/sas_port.o
  CC      drivers/base/power/domain.o
  CC      drivers/scsi/sd_dif.o
  CC      drivers/mtd/spi-nor/atmel.o
  AR      drivers/spi/built-in.a
  CC      drivers/base/soc.o
  CC      drivers/base/pinctrl.o
  CC      drivers/scsi/megaraid/megaraid_sas_debugfs.o
  CC      drivers/ata/pata_platform.o
  CC      drivers/scsi/libsas/sas_event.o
  CC      drivers/scsi/hisi_sas/hisi_sas_main.o
  CC      drivers/base/power/domain_governor.o
  CC      drivers/mtd/nand/raw/nand_bbt.o
  CC      drivers/mtd/spi-nor/catalyst.o
  CC      drivers/mtd/nand/raw/nand_timings.o
  CC      drivers/base/regmap/regcache-maple.o
  CC      drivers/ata/pata_of_platform.o
  CC      drivers/scsi/hisi_sas/hisi_sas_v1_hw.o
  CC      drivers/base/devcoredump.o
  CC      drivers/scsi/libsas/sas_discover.o
  CC      drivers/mtd/spi-nor/eon.o
  CC      drivers/base/regmap/regmap-debugfs.o
  CC      drivers/scsi/hisi_sas/hisi_sas_v2_hw.o
  CC      drivers/base/platform-msi.o
  CC      drivers/base/power/clock_ops.o
  CC      drivers/scsi/scsi_sysfs.o
  CC      drivers/base/regmap/regmap-i2c.o
  CC      drivers/mtd/nand/raw/nand_ids.o
  CC      drivers/mtd/spi-nor/esmt.o
  CC      drivers/scsi/libsas/sas_expander.o
  CC      drivers/scsi/hisi_sas/hisi_sas_v3_hw.o
  AR      drivers/ata/built-in.a
  CC      drivers/base/regmap/regmap-spi.o
  CC      drivers/mtd/nand/raw/nand_onfi.o
  CC      drivers/base/regmap/regmap-spmi.o
  CC      drivers/scsi/libsas/sas_scsi_host.o
  AR      drivers/base/power/built-in.a
  CC      drivers/scsi/libsas/sas_task.o
  CC      drivers/mtd/spi-nor/everspin.o
  AR      drivers/scsi/megaraid/built-in.a
  CC      drivers/base/regmap/regmap-mmio.o
  CC      drivers/mtd/nand/raw/nand_jedec.o
  CC      drivers/base/arch_topology.o
  CC      drivers/scsi/libsas/sas_ata.o
  CC      drivers/mtd/spi-nor/fujitsu.o
  CC      drivers/mtd/nand/raw/nand_amd.o
  CC      drivers/base/arch_numa.o
  CC      drivers/base/regmap/regmap-irq.o
  CC      drivers/scsi/libsas/sas_host_smp.o
  CC      drivers/base/physical_location.o
  CC      drivers/mtd/nand/raw/nand_esmt.o
  CC      drivers/mtd/spi-nor/gigadevice.o
  AR      drivers/base/test/built-in.a
  CC      drivers/mtd/nand/raw/nand_hynix.o
  CC      drivers/mtd/spi-nor/intel.o
  CC      drivers/mtd/nand/raw/nand_macronix.o
  CC      drivers/mtd/nand/raw/nand_micron.o
  CC      drivers/mtd/nand/raw/nand_sandisk.o
  CC      drivers/mtd/nand/raw/nand_samsung.o
  CC      drivers/mtd/spi-nor/issi.o
  CC      drivers/mtd/nand/raw/nand_toshiba.o
  CC      drivers/mtd/spi-nor/macronix.o
  CC      drivers/mtd/nand/raw/denali.o
  CC      drivers/mtd/nand/raw/denali_dt.o
  CC      drivers/mtd/nand/raw/marvell_nand.o
  AR      drivers/base/regmap/built-in.a
  AR      drivers/base/built-in.a
  CC      drivers/mtd/spi-nor/micron-st.o
  CC      drivers/mtd/nand/raw/qcom_nandc.o
  AR      drivers/scsi/libsas/built-in.a
  AR      drivers/mtd/nand/raw/ingenic/built-in.a
  CC      drivers/mtd/spi-nor/spansion.o
  CC      drivers/mtd/spi-nor/sst.o
  CC      drivers/mtd/spi-nor/winbond.o
  CC      drivers/mtd/spi-nor/xilinx.o
  CC      drivers/mtd/spi-nor/xmc.o
  CC      drivers/mtd/spi-nor/xtx.o
  CC      drivers/mtd/spi-nor/debugfs.o
  AR      drivers/mtd/spi-nor/controllers/built-in.a
  AR      drivers/scsi/hisi_sas/built-in.a
  AR      drivers/scsi/built-in.a
  AR      drivers/mtd/spi-nor/built-in.a
  AR      drivers/mtd/nand/raw/built-in.a
  AR      drivers/mtd/nand/built-in.a
  AR      drivers/mtd/built-in.a
make[2]: *** [scripts/Makefile.build:480：drivers] 错误 2
make[1]: *** [/home/xiaoabiao/.cache/rtd1296/xpressreal-linux/Makefile:1921：.] 错误 2
make: *** [Makefile:234：__sub-make] 错误 2
make: 离开目录“/home/xiaoabiao/.cache/rtd1296/xpressreal-linux”
